// Jest Snapshot v1, https://goo.gl/fbAQLP

exports[`<About /> renders correctly 1`] = `
ShallowWrapper {
  "length": 1,
  Symbol(enzyme.__root__): [Circular],
  Symbol(enzyme.__unrendered__): <About
    datas={
        Array [
            Object {
              "description": "Chernihiv University",
              "id": 1,
              "items": Array [
                "Specialized computer systems",
              ],
            },
          ]
    }
/>,
  Symbol(enzyme.__renderer__): Object {
    "batchedUpdates": [Function],
    "getNode": [Function],
    "render": [Function],
    "simulateEvent": [Function],
    "unmount": [Function],
  },
  Symbol(enzyme.__node__): Object {
    "instance": null,
    "key": undefined,
    "nodeType": "function",
    "props": Object {
      "children": Array [
        <h3>
          About
</h3>,
        Array [
          <div>
            Chernihiv University
            <List
                        items={
                                    Array [
                                                "Specialized computer systems",
                                              ]
                        }
            />
</div>,
        ],
      ],
    },
    "ref": null,
    "rendered": Array [
      Object {
        "instance": null,
        "key": undefined,
        "nodeType": "host",
        "props": Object {
          "children": "About",
        },
        "ref": null,
        "rendered": "About",
        "type": "h3",
      },
      Object {
        "instance": null,
        "key": "1",
        "nodeType": "host",
        "props": Object {
          "children": Array [
            "Chernihiv University",
            <List
              items={
                            Array [
                                          "Specialized computer systems",
                                        ]
              }
/>,
          ],
        },
        "ref": null,
        "rendered": Array [
          "Chernihiv University",
          Object {
            "instance": null,
            "key": undefined,
            "nodeType": "function",
            "props": Object {
              "items": Array [
                "Specialized computer systems",
              ],
            },
            "ref": null,
            "rendered": null,
            "type": [Function],
          },
        ],
        "type": "div",
      },
    ],
    "type": Symbol(react.fragment),
  },
  Symbol(enzyme.__nodes__): Array [
    Object {
      "instance": null,
      "key": undefined,
      "nodeType": "function",
      "props": Object {
        "children": Array [
          <h3>
            About
</h3>,
          Array [
            <div>
              Chernihiv University
              <List
                            items={
                                          Array [
                                                        "Specialized computer systems",
                                                      ]
                            }
              />
</div>,
          ],
        ],
      },
      "ref": null,
      "rendered": Array [
        Object {
          "instance": null,
          "key": undefined,
          "nodeType": "host",
          "props": Object {
            "children": "About",
          },
          "ref": null,
          "rendered": "About",
          "type": "h3",
        },
        Object {
          "instance": null,
          "key": "1",
          "nodeType": "host",
          "props": Object {
            "children": Array [
              "Chernihiv University",
              <List
                items={
                                Array [
                                                "Specialized computer systems",
                                              ]
                }
/>,
            ],
          },
          "ref": null,
          "rendered": Array [
            "Chernihiv University",
            Object {
              "instance": null,
              "key": undefined,
              "nodeType": "function",
              "props": Object {
                "items": Array [
                  "Specialized computer systems",
                ],
              },
              "ref": null,
              "rendered": null,
              "type": [Function],
            },
          ],
          "type": "div",
        },
      ],
      "type": Symbol(react.fragment),
    },
  ],
  Symbol(enzyme.__options__): Object {
    "adapter": ReactSixteenAdapter {
      "options": Object {
        "enableComponentDidUpdateOnSetState": true,
      },
    },
  },
}
`;
